I, [2017-02-09T22:03:13.993933 #12826]  INFO -- : [b59753c7-028c-49d1-90f5-5b2274d6810d] Completed 302 Found in 6ms (ActiveRecord: 0.0ms)
I, [2017-02-09T22:03:14.132360 #12824]  INFO -- : [457ba1cf-9d3d-4ab5-9d54-e0fdc2d530b7] Started GET "/users/sign_up" for 82.80.230.228 at 2017-02-09 22:03:14 -0500
I, [2017-02-09T22:03:14.140324 #12824]  INFO -- : [457ba1cf-9d3d-4ab5-9d54-e0fdc2d530b7] Processing by Devise::RegistrationsController#new as HTML
I, [2017-02-09T22:03:14.147265 #12824]  INFO -- : [457ba1cf-9d3d-4ab5-9d54-e0fdc2d530b7]   Rendering users/registrations/new.html.erb within layouts/application
I, [2017-02-09T22:03:14.148377 #12824]  INFO -- : [457ba1cf-9d3d-4ab5-9d54-e0fdc2d530b7]   Rendered users/registrations/new.html.erb within layouts/application (0.7ms)
I, [2017-02-09T22:03:14.150610 #12824]  INFO -- : [457ba1cf-9d3d-4ab5-9d54-e0fdc2d530b7] Completed 200 OK in 10ms (Views: 4.4ms | ActiveRecord: 0.0ms)
I, [2017-02-09T22:51:43.438052 #12829]  INFO -- : [81c915cb-bd35-440d-8969-b466adbbeb6f] Started GET "/" for 123.151.42.61 at 2017-02-09 22:51:43 -0500
I, [2017-02-09T22:51:43.446089 #12829]  INFO -- : [81c915cb-bd35-440d-8969-b466adbbeb6f] Processing by WelcomeController#home as */*
I, [2017-02-09T22:51:43.452413 #12829]  INFO -- : [81c915cb-bd35-440d-8969-b466adbbeb6f] Redirected to http://www.baidu.com/users/sign_up
I, [2017-02-09T22:51:43.452850 #12829]  INFO -- : [81c915cb-bd35-440d-8969-b466adbbeb6f] Completed 302 Found in 6ms (ActiveRecord: 0.0ms)
I, [2017-02-10T00:03:51.405025 #12826]  INFO -- : [7efc778f-3650-4aae-8a02-1a4fb9aa89a6] Started GET "/" for 82.80.249.214 at 2017-02-10 00:03:51 -0500
I, [2017-02-10T00:03:51.411636 #12826]  INFO -- : [7efc778f-3650-4aae-8a02-1a4fb9aa89a6] Processing by WelcomeController#home as HTML
I, [2017-02-10T00:03:51.419070 #12826]  INFO -- : [7efc778f-3650-4aae-8a02-1a4fb9aa89a6] Redirected to http://www.jointhebloc.com/users/sign_up
I, [2017-02-10T00:03:51.419712 #12826]  INFO -- : [7efc778f-3650-4aae-8a02-1a4fb9aa89a6] Completed 302 Found in 8ms (ActiveRecord: 0.0ms)
I, [2017-02-10T00:03:51.563836 #12829]  INFO -- : [77aec74b-dce5-4d0b-a44f-d57b2d4f877f] Started GET "/users/sign_up" for 82.80.249.214 at 2017-02-10 00:03:51 -0500
I, [2017-02-10T00:03:51.571866 #12829]  INFO -- : [77aec74b-dce5-4d0b-a44f-d57b2d4f877f] Processing by Devise::RegistrationsController#new as HTML
I, [2017-02-10T00:03:51.580132 #12829]  INFO -- : [77aec74b-dce5-4d0b-a44f-d57b2d4f877f]   Rendering users/registrations/new.html.erb within layouts/application
I, [2017-02-10T00:03:51.581008 #12829]  INFO -- : [77aec74b-dce5-4d0b-a44f-d57b2d4f877f]   Rendered users/registrations/new.html.erb within layouts/application (0.6ms)
I, [2017-02-10T00:03:51.582545 #12829]  INFO -- : [77aec74b-dce5-4d0b-a44f-d57b2d4f877f] Completed 200 OK in 10ms (Views: 3.5ms | ActiveRecord: 0.0ms)
I, [2017-02-10T00:03:52.267174 #12826]  INFO -- : [a70e83b6-74bc-4ecb-9d4f-13fcc8454710] Started GET "/" for 82.80.230.228 at 2017-02-10 00:03:52 -0500
I, [2017-02-10T00:03:52.271502 #12826]  INFO -- : [a70e83b6-74bc-4ecb-9d4f-13fcc8454710] Processing by WelcomeController#home as HTML
I, [2017-02-10T00:03:52.273634 #12826]  INFO -- : [a70e83b6-74bc-4ecb-9d4f-13fcc8454710] Redirected to http://www.jointhebloc.com/users/sign_up
I, [2017-02-10T00:03:52.273868 #12826]  INFO -- : [a70e83b6-74bc-4ecb-9d4f-13fcc8454710] Completed 302 Found in 2ms (ActiveRecord: 0.0ms)
I, [2017-02-10T00:03:52.409348 #12829]  INFO -- : [230831b5-c78f-4017-b28b-110b679ec330] Started GET "/users/sign_up" for 82.80.230.228 at 2017-02-10 00:03:52 -0500
I, [2017-02-10T00:03:52.412050 #12829]  INFO -- : [230831b5-c78f-4017-b28b-110b679ec330] Processing by Devise::RegistrationsController#new as HTML
I, [2017-02-10T00:03:52.413941 #12829]  INFO -- : [230831b5-c78f-4017-b28b-110b679ec330]   Rendering users/registrations/new.html.erb within layouts/application
I, [2017-02-10T00:03:52.414253 #12829]  INFO -- : [230831b5-c78f-4017-b28b-110b679ec330]   Rendered users/registrations/new.html.erb within layouts/application (0.2ms)
I, [2017-02-10T00:03:52.415307 #12829]  INFO -- : [230831b5-c78f-4017-b28b-110b679ec330] Completed 200 OK in 3ms (Views: 1.7ms | ActiveRecord: 0.0ms)
I, [2017-02-10T00:04:00.507534 #12824]  INFO -- : [61c8dc64-2079-4fd6-9aa2-31094dcfc10d] Started GET "/users/auth/facebook" for 82.80.230.228 at 2017-02-10 00:04:00 -0500
I, [2017-02-10T03:46:40.413523 #12829]  INFO -- : [36cdbcc9-572f-4125-b6de-1b8c8513e623] Started GET "/" for 89.248.172.90 at 2017-02-10 03:46:40 -0500
I, [2017-02-10T03:46:40.418038 #12829]  INFO -- : [36cdbcc9-572f-4125-b6de-1b8c8513e623] Processing by WelcomeController#home as HTML
I, [2017-02-10T03:46:40.421674 #12829]  INFO -- : [36cdbcc9-572f-4125-b6de-1b8c8513e623] Redirected to http://httpheader.net/users/sign_up
I, [2017-02-10T03:46:40.421989 #12829]  INFO -- : [36cdbcc9-572f-4125-b6de-1b8c8513e623] Completed 302 Found in 4ms (ActiveRecord: 0.0ms)
I, [2017-02-10T03:46:40.638967 #12833]  INFO -- : [ef095ee5-a19a-4812-8312-0c5557a950c1] Started GET "/users/sign_up" for 89.248.172.90 at 2017-02-10 03:46:40 -0500
I, [2017-02-10T03:46:40.644950 #12833]  INFO -- : [ef095ee5-a19a-4812-8312-0c5557a950c1] Processing by Devise::RegistrationsController#new as HTML
I, [2017-02-10T03:46:40.650276 #12833]  INFO -- : [ef095ee5-a19a-4812-8312-0c5557a950c1]   Rendering users/registrations/new.html.erb within layouts/application
I, [2017-02-10T03:46:40.650959 #12833]  INFO -- : [ef095ee5-a19a-4812-8312-0c5557a950c1]   Rendered users/registrations/new.html.erb within layouts/application (0.5ms)
I, [2017-02-10T03:46:40.652881 #12833]  INFO -- : [ef095ee5-a19a-4812-8312-0c5557a950c1] Completed 200 OK in 8ms (Views: 3.2ms | ActiveRecord: 0.0ms)
I, [2017-02-10T10:11:53.817597 #12833]  INFO -- : [487dcca5-2ec0-4c94-a1dd-94b85f1ce3ba] Started HEAD "/" for 85.204.97.242 at 2017-02-10 10:11:53 -0500
I, [2017-02-10T10:11:53.823457 #12833]  INFO -- : [487dcca5-2ec0-4c94-a1dd-94b85f1ce3ba] Processing by WelcomeController#home as HTML
I, [2017-02-10T10:11:53.827744 #12833]  INFO -- : [487dcca5-2ec0-4c94-a1dd-94b85f1ce3ba] Redirected to http://localhost/users/sign_up
I, [2017-02-10T10:11:53.828116 #12833]  INFO -- : [487dcca5-2ec0-4c94-a1dd-94b85f1ce3ba] Completed 302 Found in 4ms (ActiveRecord: 0.0ms)
I, [2017-02-10T11:20:55.771048 #12829]  INFO -- : [110f6280-3f21-4d83-8282-9aaeb88b7143] Started GET "/" for 162.216.152.51 at 2017-02-10 11:20:55 -0500
I, [2017-02-10T11:20:55.778620 #12829]  INFO -- : [110f6280-3f21-4d83-8282-9aaeb88b7143] Processing by WelcomeController#home as HTML
I, [2017-02-10T11:20:55.784727 #12829]  INFO -- : [110f6280-3f21-4d83-8282-9aaeb88b7143] Redirected to http://localhost/users/sign_up
I, [2017-02-10T11:20:55.785267 #12829]  INFO -- : [110f6280-3f21-4d83-8282-9aaeb88b7143] Completed 302 Found in 6ms (ActiveRecord: 0.0ms)
I, [2017-02-10T11:47:00.429766 #12824]  INFO -- : [3dc79412-fae4-4821-bcef-8f2f16b39192] Started GET "/" for 208.80.194.30 at 2017-02-10 11:47:00 -0500
I, [2017-02-10T11:47:00.435165 #12824]  INFO -- : [3dc79412-fae4-4821-bcef-8f2f16b39192] Processing by WelcomeController#home as */*
I, [2017-02-10T11:47:00.440776 #12824]  INFO -- : [3dc79412-fae4-4821-bcef-8f2f16b39192] Redirected to http://138.197.67.134/users/sign_up
I, [2017-02-10T11:47:00.441356 #12824]  INFO -- : [3dc79412-fae4-4821-bcef-8f2f16b39192] Completed 302 Found in 6ms (ActiveRecord: 0.0ms)
I, [2017-02-10T11:47:00.874418 #12826]  INFO -- : [3e479719-e6dd-4853-bd51-4095d8830dd8] Started GET "/users/sign_up" for 208.80.194.30 at 2017-02-10 11:47:00 -0500
I, [2017-02-10T11:47:00.881896 #12826]  INFO -- : [3e479719-e6dd-4853-bd51-4095d8830dd8] Processing by Devise::RegistrationsController#new as */*
I, [2017-02-10T11:47:00.887115 #12826]  INFO -- : [3e479719-e6dd-4853-bd51-4095d8830dd8]   Rendering users/registrations/new.html.erb within layouts/application
I, [2017-02-10T11:47:00.888022 #12826]  INFO -- : [3e479719-e6dd-4853-bd51-4095d8830dd8]   Rendered users/registrations/new.html.erb within layouts/application (0.7ms)
I, [2017-02-10T11:47:00.890043 #12826]  INFO -- : [3e479719-e6dd-4853-bd51-4095d8830dd8] Completed 200 OK in 8ms (Views: 3.6ms | ActiveRecord: 0.0ms)
I, [2017-02-10T12:43:58.589354 #12833]  INFO -- : [bf752891-60b8-4e51-855d-c0c9d700e0ce] Started GET "/" for 162.216.152.51 at 2017-02-10 12:43:58 -0500
I, [2017-02-10T12:43:58.595476 #12833]  INFO -- : [bf752891-60b8-4e51-855d-c0c9d700e0ce] Processing by WelcomeController#home as HTML
I, [2017-02-10T12:43:58.599345 #12833]  INFO -- : [bf752891-60b8-4e51-855d-c0c9d700e0ce] Redirected to http://localhost/users/sign_up
I, [2017-02-10T12:43:58.599630 #12833]  INFO -- : [bf752891-60b8-4e51-855d-c0c9d700e0ce] Completed 302 Found in 4ms (ActiveRecord: 0.0ms)
I, [2017-02-10T12:59:34.261891 #12824]  INFO -- : [6127cf4f-3bad-4d39-a475-294d5d22e398] Started GET "/" for 162.216.152.51 at 2017-02-10 12:59:34 -0500
I, [2017-02-10T12:59:34.267048 #12824]  INFO -- : [6127cf4f-3bad-4d39-a475-294d5d22e398] Processing by WelcomeController#home as HTML
I, [2017-02-10T12:59:34.271421 #12824]  INFO -- : [6127cf4f-3bad-4d39-a475-294d5d22e398] Redirected to http://localhost/users/sign_up
I, [2017-02-10T12:59:34.271771 #12824]  INFO -- : [6127cf4f-3bad-4d39-a475-294d5d22e398] Completed 302 Found in 4ms (ActiveRecord: 0.0ms)
I, [2017-02-10T13:21:57.901749 #12829]  INFO -- : [07475737-ec2f-4a42-9795-488d21ed213d] Started GET "/" for 194.247.13.10 at 2017-02-10 13:21:57 -0500
I, [2017-02-10T13:21:57.906563 #12829]  INFO -- : [07475737-ec2f-4a42-9795-488d21ed213d] Processing by WelcomeController#home as HTML
I, [2017-02-10T13:21:57.910447 #12829]  INFO -- : [07475737-ec2f-4a42-9795-488d21ed213d] Redirected to http://www.jointhebloc.com/users/sign_up
I, [2017-02-10T13:21:57.910811 #12829]  INFO -- : [07475737-ec2f-4a42-9795-488d21ed213d] Completed 302 Found in 4ms (ActiveRecord: 0.0ms)
I, [2017-02-10T13:21:58.145636 #12833]  INFO -- : [cd1f28ce-e882-4c92-9a1e-e3bc1b9d26ae] Started GET "/users/sign_up" for 194.247.13.10 at 2017-02-10 13:21:58 -0500
I, [2017-02-10T13:21:58.150866 #12833]  INFO -- : [cd1f28ce-e882-4c92-9a1e-e3bc1b9d26ae] Processing by Devise::RegistrationsController#new as HTML
I, [2017-02-10T13:21:58.154743 #12833]  INFO -- : [cd1f28ce-e882-4c92-9a1e-e3bc1b9d26ae]   Rendering users/registrations/new.html.erb within layouts/application
I, [2017-02-10T13:21:58.155447 #12833]  INFO -- : [cd1f28ce-e882-4c92-9a1e-e3bc1b9d26ae]   Rendered users/registrations/new.html.erb within layouts/application (0.5ms)
I, [2017-02-10T13:21:58.157089 #12833]  INFO -- : [cd1f28ce-e882-4c92-9a1e-e3bc1b9d26ae] Completed 200 OK in 6ms (Views: 2.8ms | ActiveRecord: 0.0ms)
I, [2017-02-10T13:23:18.080439 #12829]  INFO -- : [91346451-bd9a-41bf-9c2d-c2e065f820f4] Started GET "/users/auth/facebook" for 194.247.13.10 at 2017-02-10 13:23:18 -0500
I, [2017-02-10T13:51:27.047502 #12826]  INFO -- : [4e2b4fba-78a1-4263-9031-c7147b056004] Started GET "/" for 162.216.152.51 at 2017-02-10 13:51:27 -0500
I, [2017-02-10T13:51:27.054954 #12826]  INFO -- : [4e2b4fba-78a1-4263-9031-c7147b056004] Processing by WelcomeController#home as HTML
I, [2017-02-10T13:51:27.060612 #12826]  INFO -- : [4e2b4fba-78a1-4263-9031-c7147b056004] Redirected to http://localhost/users/sign_up
I, [2017-02-10T13:51:27.061026 #12826]  INFO -- : [4e2b4fba-78a1-4263-9031-c7147b056004] Completed 302 Found in 6ms (ActiveRecord: 0.0ms)
I, [2017-02-10T14:20:47.690361 #12826]  INFO -- : [49401ae0-508f-43d0-bc5f-1210e81b395c] Started GET "/" for 162.216.152.51 at 2017-02-10 14:20:47 -0500
I, [2017-02-10T14:20:47.699870 #12826]  INFO -- : [49401ae0-508f-43d0-bc5f-1210e81b395c] Processing by WelcomeController#home as HTML
I, [2017-02-10T14:20:47.707870 #12826]  INFO -- : [49401ae0-508f-43d0-bc5f-1210e81b395c] Redirected to http://localhost/users/sign_up
I, [2017-02-10T14:20:47.708531 #12826]  INFO -- : [49401ae0-508f-43d0-bc5f-1210e81b395c] Completed 302 Found in 8ms (ActiveRecord: 0.0ms)
I, [2017-02-10T14:47:40.068140 #12826]  INFO -- : [45038789-4aa8-44d3-8ce7-ca7e68c8ffa9] Started GET "/" for 108.219.110.211 at 2017-02-10 14:47:40 -0500
I, [2017-02-10T14:47:40.074517 #12826]  INFO -- : [45038789-4aa8-44d3-8ce7-ca7e68c8ffa9] Processing by WelcomeController#home as HTML
D, [2017-02-10T14:47:40.084681 #12826] DEBUG -- : [45038789-4aa8-44d3-8ce7-ca7e68c8ffa9]   [1m[36mUser Load (1.3ms)[0m  [1m[34mSELECT  "users".* FROM "users" WHERE "users"."id" = $1 ORDER BY "users"."id" ASC LIMIT $2[0m  [["id", 1], ["LIMIT", 1]]
I, [2017-02-10T14:47:40.086542 #12826]  INFO -- : [45038789-4aa8-44d3-8ce7-ca7e68c8ffa9] Redirected to http://www.jointhebloc.com/myprofile
I, [2017-02-10T14:47:40.086896 #12826]  INFO -- : [45038789-4aa8-44d3-8ce7-ca7e68c8ffa9] Completed 302 Found in 12ms (ActiveRecord: 1.3ms)
I, [2017-02-10T14:47:40.158422 #12824]  INFO -- : [266a7d74-4bae-44ce-8ee2-bca771223bde] Started GET "/myprofile" for 108.219.110.211 at 2017-02-10 14:47:40 -0500
I, [2017-02-10T14:47:40.163428 #12824]  INFO -- : [266a7d74-4bae-44ce-8ee2-bca771223bde] Processing by ProfileController#myprofile as HTML
D, [2017-02-10T14:47:40.170176 #12824] DEBUG -- : [266a7d74-4bae-44ce-8ee2-bca771223bde]   [1m[36mUser Load (1.0ms)[0m  [1m[34mSELECT  "users".* FROM "users" WHERE "users"."id" = $1 ORDER BY "users"."id" ASC LIMIT $2[0m  [["id", 1], ["LIMIT", 1]]
D, [2017-02-10T14:47:40.172135 #12824] DEBUG -- : [266a7d74-4bae-44ce-8ee2-bca771223bde]   [1m[36mVision Load (0.4ms)[0m  [1m[34mSELECT  "visions".* FROM "visions" WHERE "visions"."user_id" = $1 LIMIT $2[0m  [["user_id", 1], ["LIMIT", 1]]
D, [2017-02-10T14:47:40.174665 #12824] DEBUG -- : [266a7d74-4bae-44ce-8ee2-bca771223bde]   [1m[36mProfile Load (0.3ms)[0m  [1m[34mSELECT  "profiles".* FROM "profiles" WHERE "profiles"."user_id" = $1 LIMIT $2[0m  [["user_id", 1], ["LIMIT", 1]]
I, [2017-02-10T14:47:40.182436 #12824]  INFO -- : [266a7d74-4bae-44ce-8ee2-bca771223bde]   Rendering profile/myprofile.html.erb within layouts/application
I, [2017-02-10T14:47:40.185674 #12824]  INFO -- : [266a7d74-4bae-44ce-8ee2-bca771223bde]   Rendered profile/myprofile.html.erb within layouts/application (3.0ms)
I, [2017-02-10T14:47:40.187590 #12824]  INFO -- : [266a7d74-4bae-44ce-8ee2-bca771223bde] Completed 200 OK in 24ms (Views: 7.1ms | ActiveRecord: 3.9ms)
I, [2017-02-10T14:47:50.083562 #12833]  INFO -- : [ba626b6c-9afb-4fed-903d-5ea266da6692] Started GET "/visions/4" for 108.219.110.211 at 2017-02-10 14:47:50 -0500
I, [2017-02-10T14:47:50.094748 #12833]  INFO -- : [ba626b6c-9afb-4fed-903d-5ea266da6692] Processing by VisionsController#show as HTML
I, [2017-02-10T14:47:50.094893 #12833]  INFO -- : [ba626b6c-9afb-4fed-903d-5ea266da6692]   Parameters: {"id"=>"4"}
D, [2017-02-10T14:47:50.099212 #12833] DEBUG -- : [ba626b6c-9afb-4fed-903d-5ea266da6692]   [1m[36mVision Load (0.4ms)[0m  [1m[34mSELECT  "visions".* FROM "visions" WHERE "visions"."id" = $1 LIMIT $2[0m  [["id", 4], ["LIMIT", 1]]
D, [2017-02-10T14:47:50.104439 #12833] DEBUG -- : [ba626b6c-9afb-4fed-903d-5ea266da6692]   [1m[36mVisit Load (1.0ms)[0m  [1m[34mSELECT  "visits".* FROM "visits" WHERE "visits"."visit_token" = $1 ORDER BY "visits"."id" ASC LIMIT $2[0m  [["visit_token", "a6686a5c-fed6-4e5a-971f-8326aac2baf5"], ["LIMIT", 1]]
D, [2017-02-10T14:47:50.107594 #12833] DEBUG -- : [ba626b6c-9afb-4fed-903d-5ea266da6692]   [1m[36mUser Load (0.7ms)[0m  [1m[34mSELECT  "users".* FROM "users" WHERE "users"."id" = $1 ORDER BY "users"."id" ASC LIMIT $2[0m  [["id", 1], ["LIMIT", 1]]
D, [2017-02-10T14:47:50.109531 #12833] DEBUG -- : [ba626b6c-9afb-4fed-903d-5ea266da6692]   [1m[35m (0.2ms)[0m  [1m[35mBEGIN[0m
D, [2017-02-10T14:47:50.112965 #12833] DEBUG -- : [ba626b6c-9afb-4fed-903d-5ea266da6692]   [1m[36mVisit Load (0.3ms)[0m  [1m[34mSELECT  "visits".* FROM "visits" WHERE "visits"."id" = $1 LIMIT $2[0m  [["id", 10], ["LIMIT", 1]]
D, [2017-02-10T14:47:50.115929 #12833] DEBUG -- : [ba626b6c-9afb-4fed-903d-5ea266da6692]   [1m[35mSQL (0.4ms)[0m  [1m[32mINSERT INTO "ahoy_events" ("visit_id", "user_id", "name", "properties", "time") VALUES ($1, $2, $3, $4, $5) RETURNING "id"[0m  [["visit_id", 10], ["user_id", 1], ["name", "Viewed Vision"], ["properties", "{\"title\":\"Vision viewed\"}"], ["time", 2017-02-10 19:47:50 UTC]]
D, [2017-02-10T14:47:50.129590 #12833] DEBUG -- : [ba626b6c-9afb-4fed-903d-5ea266da6692]   [1m[35m (13.2ms)[0m  [1m[35mCOMMIT[0m
I, [2017-02-10T14:47:50.131275 #12833]  INFO -- : [ba626b6c-9afb-4fed-903d-5ea266da6692] Completed 500 Internal Server Error in 36ms (ActiveRecord: 16.2ms)
F, [2017-02-10T14:47:50.132701 #12833] FATAL -- : [ba626b6c-9afb-4fed-903d-5ea266da6692]   
F, [2017-02-10T14:47:50.132776 #12833] FATAL -- : [ba626b6c-9afb-4fed-903d-5ea266da6692] TypeError (String can't be coerced into Fixnum):
F, [2017-02-10T14:47:50.132861 #12833] FATAL -- : [ba626b6c-9afb-4fed-903d-5ea266da6692]   
F, [2017-02-10T14:47:50.132900 #12833] FATAL -- : [ba626b6c-9afb-4fed-903d-5ea266da6692] app/controllers/visions_controller.rb:43:in `+'
[ba626b6c-9afb-4fed-903d-5ea266da6692] app/controllers/visions_controller.rb:43:in `show'
I, [2017-02-10T15:59:58.318427 #12833]  INFO -- : [386c3b53-c96f-4a43-9c9a-8da7073dbb6a] Started GET "/" for 144.217.173.209 at 2017-02-10 15:59:58 -0500
I, [2017-02-10T15:59:58.323816 #12833]  INFO -- : [386c3b53-c96f-4a43-9c9a-8da7073dbb6a] Processing by WelcomeController#home as HTML
I, [2017-02-10T15:59:58.327679 #12833]  INFO -- : [386c3b53-c96f-4a43-9c9a-8da7073dbb6a] Redirected to http://localhost/users/sign_up
I, [2017-02-10T15:59:58.327985 #12833]  INFO -- : [386c3b53-c96f-4a43-9c9a-8da7073dbb6a] Completed 302 Found in 4ms (ActiveRecord: 0.0ms)
I, [2017-02-10T16:29:50.976868 #12824]  INFO -- : [7553bf46-5705-434d-b912-cd10f8833a26] Started GET "/" for 108.219.110.211 at 2017-02-10 16:29:50 -0500
I, [2017-02-10T16:29:50.981862 #12824]  INFO -- : [7553bf46-5705-434d-b912-cd10f8833a26] Processing by WelcomeController#home as HTML
D, [2017-02-10T16:29:50.989561 #12824] DEBUG -- : [7553bf46-5705-434d-b912-cd10f8833a26]   [1m[36mUser Load (1.3ms)[0m  [1m[34mSELECT  "users".* FROM "users" WHERE "users"."id" = $1 ORDER BY "users"."id" ASC LIMIT $2[0m  [["id", 1], ["LIMIT", 1]]
I, [2017-02-10T16:29:50.991258 #12824]  INFO -- : [7553bf46-5705-434d-b912-cd10f8833a26] Redirected to http://www.jointhebloc.com/myprofile
I, [2017-02-10T16:29:50.991554 #12824]  INFO -- : [7553bf46-5705-434d-b912-cd10f8833a26] Completed 302 Found in 9ms (ActiveRecord: 1.3ms)
I, [2017-02-10T16:29:51.144277 #12829]  INFO -- : [172cf1b4-11b4-445b-ba75-70fe0f43805a] Started GET "/myprofile" for 108.219.110.211 at 2017-02-10 16:29:51 -0500
I, [2017-02-10T16:29:51.149062 #12829]  INFO -- : [172cf1b4-11b4-445b-ba75-70fe0f43805a] Processing by ProfileController#myprofile as HTML
D, [2017-02-10T16:29:51.155057 #12829] DEBUG -- : [172cf1b4-11b4-445b-ba75-70fe0f43805a]   [1m[36mUser Load (1.1ms)[0m  [1m[34mSELECT  "users".* FROM "users" WHERE "users"."id" = $1 ORDER BY "users"."id" ASC LIMIT $2[0m  [["id", 1], ["LIMIT", 1]]
D, [2017-02-10T16:29:51.157019 #12829] DEBUG -- : [172cf1b4-11b4-445b-ba75-70fe0f43805a]   [1m[36mVision Load (0.4ms)[0m  [1m[34mSELECT  "visions".* FROM "visions" WHERE "visions"."user_id" = $1 LIMIT $2[0m  [["user_id", 1], ["LIMIT", 1]]
D, [2017-02-10T16:29:51.159202 #12829] DEBUG -- : [172cf1b4-11b4-445b-ba75-70fe0f43805a]   [1m[36mProfile Load (0.3ms)[0m  [1m[34mSELECT  "profiles".* FROM "profiles" WHERE "profiles"."user_id" = $1 LIMIT $2[0m  [["user_id", 1], ["LIMIT", 1]]
I, [2017-02-10T16:29:51.166551 #12829]  INFO -- : [172cf1b4-11b4-445b-ba75-70fe0f43805a]   Rendering profile/myprofile.html.erb within layouts/application
I, [2017-02-10T16:29:51.169532 #12829]  INFO -- : [172cf1b4-11b4-445b-ba75-70fe0f43805a]   Rendered profile/myprofile.html.erb within layouts/application (2.8ms)
I, [2017-02-10T16:29:51.171194 #12829]  INFO -- : [172cf1b4-11b4-445b-ba75-70fe0f43805a] Completed 200 OK in 22ms (Views: 6.5ms | ActiveRecord: 3.8ms)
I, [2017-02-10T18:16:37.112208 #12833]  INFO -- : [b8cf7bd4-533d-4ff0-94fd-10d7c168e19a] Started GET "/" for 162.216.152.51 at 2017-02-10 18:16:37 -0500
I, [2017-02-10T18:16:37.117167 #12833]  INFO -- : [b8cf7bd4-533d-4ff0-94fd-10d7c168e19a] Processing by WelcomeController#home as HTML
I, [2017-02-10T18:16:37.121223 #12833]  INFO -- : [b8cf7bd4-533d-4ff0-94fd-10d7c168e19a] Redirected to http://localhost/users/sign_up
I, [2017-02-10T18:16:37.121615 #12833]  INFO -- : [b8cf7bd4-533d-4ff0-94fd-10d7c168e19a] Completed 302 Found in 4ms (ActiveRecord: 0.0ms)
I, [2017-02-10T21:36:56.881094 #12826]  INFO -- : [670dd770-1463-4709-b76d-04619179e8a2] Started GET "/" for 139.162.119.197 at 2017-02-10 21:36:56 -0500
I, [2017-02-10T21:36:56.887629 #12826]  INFO -- : [670dd770-1463-4709-b76d-04619179e8a2] Processing by WelcomeController#home as HTML
I, [2017-02-10T21:36:56.892817 #12826]  INFO -- : [670dd770-1463-4709-b76d-04619179e8a2] Redirected to http://138.197.67.134/users/sign_up
I, [2017-02-10T21:36:56.893266 #12826]  INFO -- : [670dd770-1463-4709-b76d-04619179e8a2] Completed 302 Found in 5ms (ActiveRecord: 0.0ms)
I, [2017-02-10T21:36:57.198280 #12829]  INFO -- : [fd389285-b7da-4f12-be41-39641943117f] Started GET "/users/sign_up" for 139.162.119.197 at 2017-02-10 21:36:57 -0500
I, [2017-02-10T21:36:57.203179 #12829]  INFO -- : [fd389285-b7da-4f12-be41-39641943117f] Processing by Devise::RegistrationsController#new as HTML
I, [2017-02-10T21:36:57.208297 #12829]  INFO -- : [fd389285-b7da-4f12-be41-39641943117f]   Rendering users/registrations/new.html.erb within layouts/application
I, [2017-02-10T21:36:57.208904 #12829]  INFO -- : [fd389285-b7da-4f12-be41-39641943117f]   Rendered users/registrations/new.html.erb within layouts/application (0.4ms)
I, [2017-02-10T21:36:57.210417 #12829]  INFO -- : [fd389285-b7da-4f12-be41-39641943117f] Completed 200 OK in 7ms (Views: 2.7ms | ActiveRecord: 0.0ms)
I, [2017-02-10T23:24:55.821234 #12833]  INFO -- : [be586ffc-36d2-4841-9249-dd5a44a1af5a] Started GET "/" for 66.249.69.172 at 2017-02-10 23:24:55 -0500
I, [2017-02-10T23:24:55.827040 #12833]  INFO -- : [be586ffc-36d2-4841-9249-dd5a44a1af5a] Processing by WelcomeController#home as HTML
D, [2017-02-10T23:24:55.829760 #12833] DEBUG -- : [be586ffc-36d2-4841-9249-dd5a44a1af5a] [ahoy] Visit excluded
I, [2017-02-10T23:24:55.831748 #12833]  INFO -- : [be586ffc-36d2-4841-9249-dd5a44a1af5a] Redirected to http://www.jointhebloc.com/users/sign_up
I, [2017-02-10T23:24:55.832075 #12833]  INFO -- : [be586ffc-36d2-4841-9249-dd5a44a1af5a] Completed 302 Found in 5ms (ActiveRecord: 0.0ms)
I, [2017-02-10T23:24:56.824282 #12826]  INFO -- : [58daf257-79d3-44ac-aa13-d3581d4e0f52] Started GET "/users/sign_up" for 66.249.69.169 at 2017-02-10 23:24:56 -0500
I, [2017-02-10T23:24:56.836998 #12826]  INFO -- : [58daf257-79d3-44ac-aa13-d3581d4e0f52] Processing by Devise::RegistrationsController#new as HTML
I, [2017-02-10T23:24:56.844616 #12826]  INFO -- : [58daf257-79d3-44ac-aa13-d3581d4e0f52]   Rendering users/registrations/new.html.erb within layouts/application
I, [2017-02-10T23:24:56.845637 #12826]  INFO -- : [58daf257-79d3-44ac-aa13-d3581d4e0f52]   Rendered users/registrations/new.html.erb within layouts/application (0.8ms)
I, [2017-02-10T23:24:56.847789 #12826]  INFO -- : [58daf257-79d3-44ac-aa13-d3581d4e0f52] Completed 200 OK in 10ms (Views: 3.6ms | ActiveRecord: 0.0ms)
I, [2017-02-10T23:28:44.685779 #12833]  INFO -- : [9a4db094-5e37-4e8a-acc1-402bfac43bff] Started GET "/users/auth/facebook" for 66.249.69.166 at 2017-02-10 23:28:44 -0500
I, [2017-02-10T23:30:31.997471 #12829]  INFO -- : [95ee788e-8091-4e04-a4a2-61dd8b7d1f8d] Started GET "/" for 158.69.229.134 at 2017-02-10 23:30:31 -0500
I, [2017-02-10T23:30:32.004533 #12829]  INFO -- : [95ee788e-8091-4e04-a4a2-61dd8b7d1f8d] Processing by WelcomeController#home as HTML
I, [2017-02-10T23:30:32.009420 #12829]  INFO -- : [95ee788e-8091-4e04-a4a2-61dd8b7d1f8d] Redirected to http://www.jointhebloc.com/users/sign_up
I, [2017-02-10T23:30:32.009849 #12829]  INFO -- : [95ee788e-8091-4e04-a4a2-61dd8b7d1f8d] Completed 302 Found in 5ms (ActiveRecord: 0.0ms)
I, [2017-02-10T23:30:32.073619 #12824]  INFO -- : [1a34781f-e17f-4787-8032-d2e9bbc1deec] Started GET "/users/sign_up" for 158.69.229.134 at 2017-02-10 23:30:32 -0500
I, [2017-02-10T23:30:32.079389 #12824]  INFO -- : [1a34781f-e17f-4787-8032-d2e9bbc1deec] Processing by Devise::RegistrationsController#new as HTML
I, [2017-02-10T23:30:32.085735 #12824]  INFO -- : [1a34781f-e17f-4787-8032-d2e9bbc1deec]   Rendering users/registrations/new.html.erb within layouts/application
I, [2017-02-10T23:30:32.086684 #12824]  INFO -- : [1a34781f-e17f-4787-8032-d2e9bbc1deec]   Rendered users/registrations/new.html.erb within layouts/application (0.7ms)
I, [2017-02-10T23:30:32.088886 #12824]  INFO -- : [1a34781f-e17f-4787-8032-d2e9bbc1deec] Completed 200 OK in 9ms (Views: 3.8ms | ActiveRecord: 0.0ms)
I, [2017-02-11T03:14:22.740472 #12826]  INFO -- : [3992d790-566b-478b-8550-8cf9b2dc1ab9] Started GET "/" for 123.151.42.61 at 2017-02-11 03:14:22 -0500
I, [2017-02-11T03:14:22.747292 #12826]  INFO -- : [3992d790-566b-478b-8550-8cf9b2dc1ab9] Processing by WelcomeController#home as */*
I, [2017-02-11T03:14:22.753106 #12826]  INFO -- : [3992d790-566b-478b-8550-8cf9b2dc1ab9] Redirected to http://www.baidu.com/users/sign_up
I, [2017-02-11T03:14:22.753534 #12826]  INFO -- : [3992d790-566b-478b-8550-8cf9b2dc1ab9] Completed 302 Found in 6ms (ActiveRecord: 0.0ms)
I, [2017-02-11T09:38:13.642344 #12833]  INFO -- : [f561a098-9e7d-48f8-87de-5d936fbd8faa] Started GET "/" for 162.216.152.51 at 2017-02-11 09:38:13 -0500
I, [2017-02-11T09:38:13.648314 #12833]  INFO -- : [f561a098-9e7d-48f8-87de-5d936fbd8faa] Processing by WelcomeController#home as HTML
I, [2017-02-11T09:38:13.655494 #12833]  INFO -- : [f561a098-9e7d-48f8-87de-5d936fbd8faa] Redirected to http://localhost/users/sign_up
I, [2017-02-11T09:38:13.656103 #12833]  INFO -- : [f561a098-9e7d-48f8-87de-5d936fbd8faa] Completed 302 Found in 7ms (ActiveRecord: 0.0ms)
I, [2017-02-11T09:51:54.941727 #12824]  INFO -- : [cdbe8312-675c-44f5-8372-5c066c9b9e8f] Started HEAD "/" for 209.160.65.197 at 2017-02-11 09:51:54 -0500
I, [2017-02-11T09:51:54.949325 #12824]  INFO -- : [cdbe8312-675c-44f5-8372-5c066c9b9e8f] Processing by WelcomeController#home as HTML
I, [2017-02-11T09:51:54.954690 #12824]  INFO -- : [cdbe8312-675c-44f5-8372-5c066c9b9e8f] Redirected to http://localhost/users/sign_up
I, [2017-02-11T09:51:54.955051 #12824]  INFO -- : [cdbe8312-675c-44f5-8372-5c066c9b9e8f] Completed 302 Found in 5ms (ActiveRecord: 0.0ms)
I, [2017-02-11T11:20:00.618116 #12826]  INFO -- : [f9c66445-28e7-4714-b4d5-6d9327151d0e] Started GET "/" for 66.249.69.166 at 2017-02-11 11:20:00 -0500
I, [2017-02-11T11:20:00.629478 #12826]  INFO -- : [f9c66445-28e7-4714-b4d5-6d9327151d0e] Processing by WelcomeController#home as HTML
D, [2017-02-11T11:20:00.636161 #12826] DEBUG -- : [f9c66445-28e7-4714-b4d5-6d9327151d0e] [ahoy] Visit excluded
I, [2017-02-11T11:20:00.638870 #12826]  INFO -- : [f9c66445-28e7-4714-b4d5-6d9327151d0e] Redirected to http://www.jointhebloc.com/users/sign_up
I, [2017-02-11T11:20:00.639471 #12826]  INFO -- : [f9c66445-28e7-4714-b4d5-6d9327151d0e] Completed 302 Found in 9ms (ActiveRecord: 0.0ms)
I, [2017-02-11T11:20:01.588055 #12833]  INFO -- : [2a60199a-496f-43cb-8eca-29ca0101eaf6] Started GET "/users/sign_up" for 66.249.69.166 at 2017-02-11 11:20:01 -0500
I, [2017-02-11T11:20:01.597258 #12833]  INFO -- : [2a60199a-496f-43cb-8eca-29ca0101eaf6] Processing by Devise::RegistrationsController#new as HTML
I, [2017-02-11T11:20:01.604641 #12833]  INFO -- : [2a60199a-496f-43cb-8eca-29ca0101eaf6]   Rendering users/registrations/new.html.erb within layouts/application
I, [2017-02-11T11:20:01.606004 #12833]  INFO -- : [2a60199a-496f-43cb-8eca-29ca0101eaf6]   Rendered users/registrations/new.html.erb within layouts/application (1.0ms)
I, [2017-02-11T11:20:01.609063 #12833]  INFO -- : [2a60199a-496f-43cb-8eca-29ca0101eaf6] Completed 200 OK in 11ms (Views: 5.5ms | ActiveRecord: 0.0ms)
I, [2017-02-11T12:50:32.847147 #12826]  INFO -- : [29c1681a-4e46-46a5-af59-0b4a05bf3d31] Started HEAD "/phpmyadmin/index.php" for 211.157.19.82 at 2017-02-11 12:50:32 -0500
F, [2017-02-11T12:50:32.853038 #12826] FATAL -- : [29c1681a-4e46-46a5-af59-0b4a05bf3d31]   
F, [2017-02-11T12:50:32.853148 #12826] FATAL -- : [29c1681a-4e46-46a5-af59-0b4a05bf3d31] ActionController::RoutingError (No route matches [HEAD] "/phpmyadmin/index.php"):
F, [2017-02-11T12:50:32.853187 #12826] FATAL -- : [29c1681a-4e46-46a5-af59-0b4a05bf3d31]   
F, [2017-02-11T12:50:32.853241 #12826] FATAL -- : [29c1681a-4e46-46a5-af59-0b4a05bf3d31] actionpack (5.0.1) lib/action_dispatch/middleware/debug_exceptions.rb:53:in `call'
[29c1681a-4e46-46a5-af59-0b4a05bf3d31] actionpack (5.0.1) lib/action_dispatch/middleware/show_exceptions.rb:31:in `call'
[29c1681a-4e46-46a5-af59-0b4a05bf3d31] railties (5.0.1) lib/rails/rack/logger.rb:36:in `call_app'
[29c1681a-4e46-46a5-af59-0b4a05bf3d31] railties (5.0.1) lib/rails/rack/logger.rb:24:in `block in call'
[29c1681a-4e46-46a5-af59-0b4a05bf3d31] activesupport (5.0.1) lib/active_support/tagged_logging.rb:69:in `block in tagged'
[29c1681a-4e46-46a5-af59-0b4a05bf3d31] activesupport (5.0.1) lib/active_support/tagged_logging.rb:26:in `tagged'
[29c1681a-4e46-46a5-af59-0b4a05bf3d31] activesupport (5.0.1) lib/active_support/tagged_logging.rb:69:in `tagged'
[29c1681a-4e46-46a5-af59-0b4a05bf3d31] railties (5.0.1) lib/rails/rack/logger.rb:24:in `call'
[29c1681a-4e46-46a5-af59-0b4a05bf3d31] ahoy_matey (1.5.4) lib/ahoy/engine.rb:22:in `call_with_quiet_ahoy'
[29c1681a-4e46-46a5-af59-0b4a05bf3d31] request_store (1.3.2) lib/request_store/middleware.rb:9:in `call'
[29c1681a-4e46-46a5-af59-0b4a05bf3d31] actionpack (5.0.1) lib/action_dispatch/middleware/request_id.rb:24:in `call'
[29c1681a-4e46-46a5-af59-0b4a05bf3d31] rack (2.0.1) lib/rack/method_override.rb:22:in `call'
[29c1681a-4e46-46a5-af59-0b4a05bf3d31] rack (2.0.1) lib/rack/runtime.rb:22:in `call'
[29c1681a-4e46-46a5-af59-0b4a05bf3d31] activesupport (5.0.1) lib/active_support/cache/strategy/local_cache_middleware.rb:28:in `call'
[29c1681a-4e46-46a5-af59-0b4a05bf3d31] actionpack (5.0.1) lib/action_dispatch/middleware/executor.rb:12:in `call'
[29c1681a-4e46-46a5-af59-0b4a05bf3d31] rack (2.0.1) lib/rack/sendfile.rb:111:in `call'
[29c1681a-4e46-46a5-af59-0b4a05bf3d31] railties (5.0.1) lib/rails/engine.rb:522:in `call'
[29c1681a-4e46-46a5-af59-0b4a05bf3d31] unicorn (5.2.0) lib/unicorn/http_server.rb:562:in `process_client'
[29c1681a-4e46-46a5-af59-0b4a05bf3d31] unicorn (5.2.0) lib/unicorn/http_server.rb:658:in `worker_loop'
[29c1681a-4e46-46a5-af59-0b4a05bf3d31] unicorn (5.2.0) lib/unicorn/http_server.rb:508:in `spawn_missing_workers'
[29c1681a-4e46-46a5-af59-0b4a05bf3d31] unicorn (5.2.0) lib/unicorn/http_server.rb:132:in `start'
[29c1681a-4e46-46a5-af59-0b4a05bf3d31] unicorn (5.2.0) bin/unicorn:126:in `<top (required)>'
[29c1681a-4e46-46a5-af59-0b4a05bf3d31] /usr/local/rvm/gems/ruby-2.2.3/bin/unicorn:23:in `load'
[29c1681a-4e46-46a5-af59-0b4a05bf3d31] /usr/local/rvm/gems/ruby-2.2.3/bin/unicorn:23:in `<main>'
[29c1681a-4e46-46a5-af59-0b4a05bf3d31] /usr/local/rvm/gems/ruby-2.2.3@global/bin/ruby_executable_hooks:15:in `eval'
[29c1681a-4e46-46a5-af59-0b4a05bf3d31] /usr/local/rvm/gems/ruby-2.2.3@global/bin/ruby_executable_hooks:15:in `<main>'
I, [2017-02-11T15:38:13.498491 #12829]  INFO -- : [d12a90c5-0589-42cc-a8f2-eeb14a59a441] Started GET "/" for 66.249.73.150 at 2017-02-11 15:38:13 -0500
I, [2017-02-11T15:38:13.504122 #12829]  INFO -- : [d12a90c5-0589-42cc-a8f2-eeb14a59a441] Processing by WelcomeController#home as HTML
D, [2017-02-11T15:38:13.506821 #12829] DEBUG -- : [d12a90c5-0589-42cc-a8f2-eeb14a59a441] [ahoy] Visit excluded
I, [2017-02-11T15:38:13.508537 #12829]  INFO -- : [d12a90c5-0589-42cc-a8f2-eeb14a59a441] Redirected to http://www.jointhebloc.com/users/sign_up
I, [2017-02-11T15:38:13.508917 #12829]  INFO -- : [d12a90c5-0589-42cc-a8f2-eeb14a59a441] Completed 302 Found in 5ms (ActiveRecord: 0.0ms)
I, [2017-02-11T15:38:14.498220 #12833]  INFO -- : [2ee23d74-0319-4d7b-91d7-1bdc62075195] Started GET "/users/sign_up" for 66.249.73.146 at 2017-02-11 15:38:14 -0500
I, [2017-02-11T15:38:14.504189 #12833]  INFO -- : [2ee23d74-0319-4d7b-91d7-1bdc62075195] Processing by Devise::RegistrationsController#new as HTML
I, [2017-02-11T15:38:14.508596 #12833]  INFO -- : [2ee23d74-0319-4d7b-91d7-1bdc62075195]   Rendering users/registrations/new.html.erb within layouts/application
I, [2017-02-11T15:38:14.509422 #12833]  INFO -- : [2ee23d74-0319-4d7b-91d7-1bdc62075195]   Rendered users/registrations/new.html.erb within layouts/application (0.6ms)
I, [2017-02-11T15:38:14.511384 #12833]  INFO -- : [2ee23d74-0319-4d7b-91d7-1bdc62075195] Completed 200 OK in 7ms (Views: 3.3ms | ActiveRecord: 0.0ms)
I, [2017-02-11T15:40:40.992676 #12826]  INFO -- : [cc4a9cd8-7e96-4353-aa1e-a4a62ca58954] Started GET "/users/auth/facebook" for 66.249.73.154 at 2017-02-11 15:40:40 -0500
I, [2017-02-11T19:55:08.187918 #28487]  INFO -- : [1e8117ea-e238-43be-898d-8272e3d6f114] Started GET "/" for 108.219.110.211 at 2017-02-11 19:55:08 -0500
I, [2017-02-11T19:55:08.207094 #28487]  INFO -- : [1e8117ea-e238-43be-898d-8272e3d6f114] Processing by WelcomeController#home as HTML
I, [2017-02-11T19:55:08.229527 #28487]  INFO -- : [1e8117ea-e238-43be-898d-8272e3d6f114] Redirected to http://www.jointhebloc.com/users/sign_up
I, [2017-02-11T19:55:08.229887 #28487]  INFO -- : [1e8117ea-e238-43be-898d-8272e3d6f114] Completed 302 Found in 22ms
I, [2017-02-11T19:55:08.295571 #28487]  INFO -- : [c4819f1d-fc4b-4697-932f-66caed864ccb] Started GET "/users/sign_up" for 108.219.110.211 at 2017-02-11 19:55:08 -0500
I, [2017-02-11T19:55:08.299924 #28487]  INFO -- : [c4819f1d-fc4b-4697-932f-66caed864ccb] Processing by Devise::RegistrationsController#new as HTML
I, [2017-02-11T19:55:08.390842 #28487]  INFO -- : [c4819f1d-fc4b-4697-932f-66caed864ccb]   Rendering users/registrations/new.html.erb within layouts/application
I, [2017-02-11T19:55:08.392385 #28487]  INFO -- : [c4819f1d-fc4b-4697-932f-66caed864ccb]   Rendered users/registrations/new.html.erb within layouts/application (1.3ms)
I, [2017-02-11T19:55:08.394645 #28487]  INFO -- : [c4819f1d-fc4b-4697-932f-66caed864ccb] Completed 200 OK in 95ms (Views: 7.3ms | ActiveRecord: 14.6ms)
I, [2017-02-11T19:55:12.829857 #28489]  INFO -- : [148a3330-b4d9-4aee-a381-52f6be7b5401] Started GET "/users/sign_up" for 108.219.110.211 at 2017-02-11 19:55:12 -0500
I, [2017-02-11T19:55:12.851585 #28489]  INFO -- : [148a3330-b4d9-4aee-a381-52f6be7b5401] Processing by Devise::RegistrationsController#new as HTML
I, [2017-02-11T19:55:12.950455 #28489]  INFO -- : [148a3330-b4d9-4aee-a381-52f6be7b5401]   Rendering users/registrations/new.html.erb within layouts/application
I, [2017-02-11T19:55:12.955723 #28489]  INFO -- : [148a3330-b4d9-4aee-a381-52f6be7b5401]   Rendered users/registrations/new.html.erb within layouts/application (5.1ms)
I, [2017-02-11T19:55:12.958023 #28489]  INFO -- : [148a3330-b4d9-4aee-a381-52f6be7b5401] Completed 200 OK in 106ms (Views: 10.7ms | ActiveRecord: 13.4ms)
I, [2017-02-11T20:00:02.735754 #28487]  INFO -- : [844fec5c-4b04-470c-86d6-2c661a584426] Started GET "/users/sign_up" for 108.219.110.211 at 2017-02-11 20:00:02 -0500
I, [2017-02-11T20:00:02.743958 #28487]  INFO -- : [844fec5c-4b04-470c-86d6-2c661a584426] Processing by Devise::RegistrationsController#new as HTML
I, [2017-02-11T20:00:02.749620 #28487]  INFO -- : [844fec5c-4b04-470c-86d6-2c661a584426]   Rendering users/registrations/new.html.erb within layouts/application
I, [2017-02-11T20:00:02.750402 #28487]  INFO -- : [844fec5c-4b04-470c-86d6-2c661a584426]   Rendered users/registrations/new.html.erb within layouts/application (0.5ms)
I, [2017-02-11T20:00:02.752199 #28487]  INFO -- : [844fec5c-4b04-470c-86d6-2c661a584426] Completed 200 OK in 8ms (Views: 3.2ms | ActiveRecord: 0.0ms)
I, [2017-02-11T20:35:21.055038 #28485]  INFO -- : [3095b013-defa-4051-addb-d7f02d2c9e27] Started GET "/" for 185.169.229.60 at 2017-02-11 20:35:21 -0500
I, [2017-02-11T20:35:21.065411 #28485]  INFO -- : [3095b013-defa-4051-addb-d7f02d2c9e27] Processing by WelcomeController#home as HTML
I, [2017-02-11T20:35:21.079171 #28485]  INFO -- : [3095b013-defa-4051-addb-d7f02d2c9e27] Redirected to http://localhost/users/sign_up
I, [2017-02-11T20:35:21.079667 #28485]  INFO -- : [3095b013-defa-4051-addb-d7f02d2c9e27] Completed 302 Found in 14ms (ActiveRecord: 0.0ms)
I, [2017-02-11T23:05:20.861883 #28491]  INFO -- : [3e27f785-2bad-4837-be09-2a51f58c2512] Started GET "/" for 66.249.73.146 at 2017-02-11 23:05:20 -0500
I, [2017-02-11T23:05:20.874039 #28491]  INFO -- : [3e27f785-2bad-4837-be09-2a51f58c2512] Processing by WelcomeController#home as HTML
D, [2017-02-11T23:05:20.877961 #28491] DEBUG -- : [3e27f785-2bad-4837-be09-2a51f58c2512] [ahoy] Visit excluded
I, [2017-02-11T23:05:20.890269 #28491]  INFO -- : [3e27f785-2bad-4837-be09-2a51f58c2512] Redirected to http://www.jointhebloc.com/users/sign_up
I, [2017-02-11T23:05:20.891309 #28491]  INFO -- : [3e27f785-2bad-4837-be09-2a51f58c2512] Completed 302 Found in 16ms (ActiveRecord: 0.0ms)
I, [2017-02-11T23:05:21.828774 #28485]  INFO -- : [4d2f97d8-1dd8-4a9c-a8ec-07b4e9c7cf38] Started GET "/users/sign_up" for 66.249.73.146 at 2017-02-11 23:05:21 -0500
I, [2017-02-11T23:05:21.840263 #28485]  INFO -- : [4d2f97d8-1dd8-4a9c-a8ec-07b4e9c7cf38] Processing by Devise::RegistrationsController#new as HTML
I, [2017-02-11T23:05:21.922368 #28485]  INFO -- : [4d2f97d8-1dd8-4a9c-a8ec-07b4e9c7cf38]   Rendering users/registrations/new.html.erb within layouts/application
I, [2017-02-11T23:05:21.924205 #28485]  INFO -- : [4d2f97d8-1dd8-4a9c-a8ec-07b4e9c7cf38]   Rendered users/registrations/new.html.erb within layouts/application (1.6ms)
I, [2017-02-11T23:05:21.926827 #28485]  INFO -- : [4d2f97d8-1dd8-4a9c-a8ec-07b4e9c7cf38] Completed 200 OK in 86ms (Views: 9.9ms | ActiveRecord: 6.1ms)
I, [2017-02-12T01:29:32.867603 #28485]  INFO -- : [3e18232e-be50-4530-8927-090625a3f070] Started GET "/" for 94.102.48.195 at 2017-02-12 01:29:32 -0500
I, [2017-02-12T01:29:32.874991 #28485]  INFO -- : [3e18232e-be50-4530-8927-090625a3f070] Processing by WelcomeController#home as */*
I, [2017-02-12T01:29:32.881020 #28485]  INFO -- : [3e18232e-be50-4530-8927-090625a3f070] Redirected to http://localhost/users/sign_up
I, [2017-02-12T01:29:32.881391 #28485]  INFO -- : [3e18232e-be50-4530-8927-090625a3f070] Completed 302 Found in 6ms (ActiveRecord: 0.0ms)
I, [2017-02-12T03:37:23.198782 #28491]  INFO -- : [f9b5dac9-6cfa-493e-8ab6-3c007e3eb948] Started GET "/phpMyAdmin/scripts/setup.php" for 120.26.72.89 at 2017-02-12 03:37:23 -0500
F, [2017-02-12T03:37:23.205047 #28491] FATAL -- : [f9b5dac9-6cfa-493e-8ab6-3c007e3eb948]   
F, [2017-02-12T03:37:23.205157 #28491] FATAL -- : [f9b5dac9-6cfa-493e-8ab6-3c007e3eb948] ActionController::RoutingError (No route matches [GET] "/phpMyAdmin/scripts/setup.php"):
F, [2017-02-12T03:37:23.205197 #28491] FATAL -- : [f9b5dac9-6cfa-493e-8ab6-3c007e3eb948]   
F, [2017-02-12T03:37:23.205410 #28491] FATAL -- : [f9b5dac9-6cfa-493e-8ab6-3c007e3eb948] actionpack (5.0.1) lib/action_dispatch/middleware/debug_exceptions.rb:53:in `call'
[f9b5dac9-6cfa-493e-8ab6-3c007e3eb948] actionpack (5.0.1) lib/action_dispatch/middleware/show_exceptions.rb:31:in `call'
[f9b5dac9-6cfa-493e-8ab6-3c007e3eb948] railties (5.0.1) lib/rails/rack/logger.rb:36:in `call_app'
[f9b5dac9-6cfa-493e-8ab6-3c007e3eb948] railties (5.0.1) lib/rails/rack/logger.rb:24:in `block in call'
[f9b5dac9-6cfa-493e-8ab6-3c007e3eb948] activesupport (5.0.1) lib/active_support/tagged_logging.rb:69:in `block in tagged'
[f9b5dac9-6cfa-493e-8ab6-3c007e3eb948] activesupport (5.0.1) lib/active_support/tagged_logging.rb:26:in `tagged'
[f9b5dac9-6cfa-493e-8ab6-3c007e3eb948] activesupport (5.0.1) lib/active_support/tagged_logging.rb:69:in `tagged'
[f9b5dac9-6cfa-493e-8ab6-3c007e3eb948] railties (5.0.1) lib/rails/rack/logger.rb:24:in `call'
[f9b5dac9-6cfa-493e-8ab6-3c007e3eb948] ahoy_matey (1.5.4) lib/ahoy/engine.rb:22:in `call_with_quiet_ahoy'
[f9b5dac9-6cfa-493e-8ab6-3c007e3eb948] request_store (1.3.2) lib/request_store/middleware.rb:9:in `call'
[f9b5dac9-6cfa-493e-8ab6-3c007e3eb948] actionpack (5.0.1) lib/action_dispatch/middleware/request_id.rb:24:in `call'
[f9b5dac9-6cfa-493e-8ab6-3c007e3eb948] rack (2.0.1) lib/rack/method_override.rb:22:in `call'
[f9b5dac9-6cfa-493e-8ab6-3c007e3eb948] rack (2.0.1) lib/rack/runtime.rb:22:in `call'
[f9b5dac9-6cfa-493e-8ab6-3c007e3eb948] activesupport (5.0.1) lib/active_support/cache/strategy/local_cache_middleware.rb:28:in `call'
[f9b5dac9-6cfa-493e-8ab6-3c007e3eb948] actionpack (5.0.1) lib/action_dispatch/middleware/executor.rb:12:in `call'
[f9b5dac9-6cfa-493e-8ab6-3c007e3eb948] rack (2.0.1) lib/rack/sendfile.rb:111:in `call'
[f9b5dac9-6cfa-493e-8ab6-3c007e3eb948] railties (5.0.1) lib/rails/engine.rb:522:in `call'
[f9b5dac9-6cfa-493e-8ab6-3c007e3eb948] unicorn (5.2.0) lib/unicorn/http_server.rb:562:in `process_client'
[f9b5dac9-6cfa-493e-8ab6-3c007e3eb948] unicorn (5.2.0) lib/unicorn/http_server.rb:658:in `worker_loop'
[f9b5dac9-6cfa-493e-8ab6-3c007e3eb948] unicorn (5.2.0) lib/unicorn/http_server.rb:508:in `spawn_missing_workers'
[f9b5dac9-6cfa-493e-8ab6-3c007e3eb948] unicorn (5.2.0) lib/unicorn/http_server.rb:132:in `start'
[f9b5dac9-6cfa-493e-8ab6-3c007e3eb948] unicorn (5.2.0) bin/unicorn:126:in `<top (required)>'
[f9b5dac9-6cfa-493e-8ab6-3c007e3eb948] /usr/local/rvm/gems/ruby-2.2.3/bin/unicorn:23:in `load'
[f9b5dac9-6cfa-493e-8ab6-3c007e3eb948] /usr/local/rvm/gems/ruby-2.2.3/bin/unicorn:23:in `<main>'
[f9b5dac9-6cfa-493e-8ab6-3c007e3eb948] /usr/local/rvm/gems/ruby-2.2.3@global/bin/ruby_executable_hooks:15:in `eval'
[f9b5dac9-6cfa-493e-8ab6-3c007e3eb948] /usr/local/rvm/gems/ruby-2.2.3@global/bin/ruby_executable_hooks:15:in `<main>'
I, [2017-02-12T03:37:23.653595 #28491]  INFO -- : [fcba5c04-bc03-45e1-a9f7-04fc4b30de75] Started GET "/pma/scripts/setup.php" for 120.26.72.89 at 2017-02-12 03:37:23 -0500
F, [2017-02-12T03:37:23.656587 #28491] FATAL -- : [fcba5c04-bc03-45e1-a9f7-04fc4b30de75]   
F, [2017-02-12T03:37:23.656653 #28491] FATAL -- : [fcba5c04-bc03-45e1-a9f7-04fc4b30de75] ActionController::RoutingError (No route matches [GET] "/pma/scripts/setup.php"):
F, [2017-02-12T03:37:23.656686 #28491] FATAL -- : [fcba5c04-bc03-45e1-a9f7-04fc4b30de75]   
F, [2017-02-12T03:37:23.656721 #28491] FATAL -- : [fcba5c04-bc03-45e1-a9f7-04fc4b30de75] actionpack (5.0.1) lib/action_dispatch/middleware/debug_exceptions.rb:53:in `call'
[fcba5c04-bc03-45e1-a9f7-04fc4b30de75] actionpack (5.0.1) lib/action_dispatch/middleware/show_exceptions.rb:31:in `call'
[fcba5c04-bc03-45e1-a9f7-04fc4b30de75] railties (5.0.1) lib/rails/rack/logger.rb:36:in `call_app'
[fcba5c04-bc03-45e1-a9f7-04fc4b30de75] railties (5.0.1) lib/rails/rack/logger.rb:24:in `block in call'
[fcba5c04-bc03-45e1-a9f7-04fc4b30de75] activesupport (5.0.1) lib/active_support/tagged_logging.rb:69:in `block in tagged'
[fcba5c04-bc03-45e1-a9f7-04fc4b30de75] activesupport (5.0.1) lib/active_support/tagged_logging.rb:26:in `tagged'
[fcba5c04-bc03-45e1-a9f7-04fc4b30de75] activesupport (5.0.1) lib/active_support/tagged_logging.rb:69:in `tagged'
[fcba5c04-bc03-45e1-a9f7-04fc4b30de75] railties (5.0.1) lib/rails/rack/logger.rb:24:in `call'
[fcba5c04-bc03-45e1-a9f7-04fc4b30de75] ahoy_matey (1.5.4) lib/ahoy/engine.rb:22:in `call_with_quiet_ahoy'
[fcba5c04-bc03-45e1-a9f7-04fc4b30de75] request_store (1.3.2) lib/request_store/middleware.rb:9:in `call'
[fcba5c04-bc03-45e1-a9f7-04fc4b30de75] actionpack (5.0.1) lib/action_dispatch/middleware/request_id.rb:24:in `call'
[fcba5c04-bc03-45e1-a9f7-04fc4b30de75] rack (2.0.1) lib/rack/method_override.rb:22:in `call'
[fcba5c04-bc03-45e1-a9f7-04fc4b30de75] rack (2.0.1) lib/rack/runtime.rb:22:in `call'
[fcba5c04-bc03-45e1-a9f7-04fc4b30de75] activesupport (5.0.1) lib/active_support/cache/strategy/local_cache_middleware.rb:28:in `call'
[fcba5c04-bc03-45e1-a9f7-04fc4b30de75] actionpack (5.0.1) lib/action_dispatch/middleware/executor.rb:12:in `call'
[fcba5c04-bc03-45e1-a9f7-04fc4b30de75] rack (2.0.1) lib/rack/sendfile.rb:111:in `call'
[fcba5c04-bc03-45e1-a9f7-04fc4b30de75] railties (5.0.1) lib/rails/engine.rb:522:in `call'
[fcba5c04-bc03-45e1-a9f7-04fc4b30de75] unicorn (5.2.0) lib/unicorn/http_server.rb:562:in `process_client'
[fcba5c04-bc03-45e1-a9f7-04fc4b30de75] unicorn (5.2.0) lib/unicorn/http_server.rb:658:in `worker_loop'
[fcba5c04-bc03-45e1-a9f7-04fc4b30de75] unicorn (5.2.0) lib/unicorn/http_server.rb:508:in `spawn_missing_workers'
[fcba5c04-bc03-45e1-a9f7-04fc4b30de75] unicorn (5.2.0) lib/unicorn/http_server.rb:132:in `start'
[fcba5c04-bc03-45e1-a9f7-04fc4b30de75] unicorn (5.2.0) bin/unicorn:126:in `<top (required)>'
[fcba5c04-bc03-45e1-a9f7-04fc4b30de75] /usr/local/rvm/gems/ruby-2.2.3/bin/unicorn:23:in `load'
[fcba5c04-bc03-45e1-a9f7-04fc4b30de75] /usr/local/rvm/gems/ruby-2.2.3/bin/unicorn:23:in `<main>'
[fcba5c04-bc03-45e1-a9f7-04fc4b30de75] /usr/local/rvm/gems/ruby-2.2.3@global/bin/ruby_executable_hooks:15:in `eval'
[fcba5c04-bc03-45e1-a9f7-04fc4b30de75] /usr/local/rvm/gems/ruby-2.2.3@global/bin/ruby_executable_hooks:15:in `<main>'
I, [2017-02-12T03:37:24.087757 #28489]  INFO -- : [f200a0ef-5ce8-4522-96f1-7725fabd732a] Started GET "/myadmin/scripts/setup.php" for 120.26.72.89 at 2017-02-12 03:37:24 -0500
F, [2017-02-12T03:37:24.092748 #28489] FATAL -- : [f200a0ef-5ce8-4522-96f1-7725fabd732a]   
F, [2017-02-12T03:37:24.092842 #28489] FATAL -- : [f200a0ef-5ce8-4522-96f1-7725fabd732a] ActionController::RoutingError (No route matches [GET] "/myadmin/scripts/setup.php"):
F, [2017-02-12T03:37:24.092878 #28489] FATAL -- : [f200a0ef-5ce8-4522-96f1-7725fabd732a]   
F, [2017-02-12T03:37:24.092933 #28489] FATAL -- : [f200a0ef-5ce8-4522-96f1-7725fabd732a] actionpack (5.0.1) lib/action_dispatch/middleware/debug_exceptions.rb:53:in `call'
[f200a0ef-5ce8-4522-96f1-7725fabd732a] actionpack (5.0.1) lib/action_dispatch/middleware/show_exceptions.rb:31:in `call'
[f200a0ef-5ce8-4522-96f1-7725fabd732a] railties (5.0.1) lib/rails/rack/logger.rb:36:in `call_app'
[f200a0ef-5ce8-4522-96f1-7725fabd732a] railties (5.0.1) lib/rails/rack/logger.rb:24:in `block in call'
[f200a0ef-5ce8-4522-96f1-7725fabd732a] activesupport (5.0.1) lib/active_support/tagged_logging.rb:69:in `block in tagged'
[f200a0ef-5ce8-4522-96f1-7725fabd732a] activesupport (5.0.1) lib/active_support/tagged_logging.rb:26:in `tagged'
[f200a0ef-5ce8-4522-96f1-7725fabd732a] activesupport (5.0.1) lib/active_support/tagged_logging.rb:69:in `tagged'
[f200a0ef-5ce8-4522-96f1-7725fabd732a] railties (5.0.1) lib/rails/rack/logger.rb:24:in `call'
[f200a0ef-5ce8-4522-96f1-7725fabd732a] ahoy_matey (1.5.4) lib/ahoy/engine.rb:22:in `call_with_quiet_ahoy'
[f200a0ef-5ce8-4522-96f1-7725fabd732a] request_store (1.3.2) lib/request_store/middleware.rb:9:in `call'
[f200a0ef-5ce8-4522-96f1-7725fabd732a] actionpack (5.0.1) lib/action_dispatch/middleware/request_id.rb:24:in `call'
[f200a0ef-5ce8-4522-96f1-7725fabd732a] rack (2.0.1) lib/rack/method_override.rb:22:in `call'
[f200a0ef-5ce8-4522-96f1-7725fabd732a] rack (2.0.1) lib/rack/runtime.rb:22:in `call'
[f200a0ef-5ce8-4522-96f1-7725fabd732a] activesupport (5.0.1) lib/active_support/cache/strategy/local_cache_middleware.rb:28:in `call'
[f200a0ef-5ce8-4522-96f1-7725fabd732a] actionpack (5.0.1) lib/action_dispatch/middleware/executor.rb:12:in `call'
[f200a0ef-5ce8-4522-96f1-7725fabd732a] rack (2.0.1) lib/rack/sendfile.rb:111:in `call'
[f200a0ef-5ce8-4522-96f1-7725fabd732a] railties (5.0.1) lib/rails/engine.rb:522:in `call'
[f200a0ef-5ce8-4522-96f1-7725fabd732a] unicorn (5.2.0) lib/unicorn/http_server.rb:562:in `process_client'
[f200a0ef-5ce8-4522-96f1-7725fabd732a] unicorn (5.2.0) lib/unicorn/http_server.rb:658:in `worker_loop'
[f200a0ef-5ce8-4522-96f1-7725fabd732a] unicorn (5.2.0) lib/unicorn/http_server.rb:508:in `spawn_missing_workers'
[f200a0ef-5ce8-4522-96f1-7725fabd732a] unicorn (5.2.0) lib/unicorn/http_server.rb:132:in `start'
[f200a0ef-5ce8-4522-96f1-7725fabd732a] unicorn (5.2.0) bin/unicorn:126:in `<top (required)>'
[f200a0ef-5ce8-4522-96f1-7725fabd732a] /usr/local/rvm/gems/ruby-2.2.3/bin/unicorn:23:in `load'
[f200a0ef-5ce8-4522-96f1-7725fabd732a] /usr/local/rvm/gems/ruby-2.2.3/bin/unicorn:23:in `<main>'
[f200a0ef-5ce8-4522-96f1-7725fabd732a] /usr/local/rvm/gems/ruby-2.2.3@global/bin/ruby_executable_hooks:15:in `eval'
[f200a0ef-5ce8-4522-96f1-7725fabd732a] /usr/local/rvm/gems/ruby-2.2.3@global/bin/ruby_executable_hooks:15:in `<main>'
I, [2017-02-12T03:47:54.494881 #28491]  INFO -- : [36965f57-92f9-437c-8b80-103442b19cbc] Started GET "/" for 54.212.211.53 at 2017-02-12 03:47:54 -0500
I, [2017-02-12T03:47:54.503427 #28491]  INFO -- : [36965f57-92f9-437c-8b80-103442b19cbc] Processing by WelcomeController#home as HTML
I, [2017-02-12T03:47:54.510704 #28491]  INFO -- : [36965f57-92f9-437c-8b80-103442b19cbc] Redirected to http://www.jointhebloc.com/users/sign_up
I, [2017-02-12T03:47:54.511205 #28491]  INFO -- : [36965f57-92f9-437c-8b80-103442b19cbc] Completed 302 Found in 7ms (ActiveRecord: 0.0ms)
I, [2017-02-12T03:47:56.345214 #28485]  INFO -- : [7ded31ec-aa61-4682-8a02-f9173225a628] Started GET "/users/sign_up" for 54.212.211.53 at 2017-02-12 03:47:56 -0500
I, [2017-02-12T03:47:56.352567 #28485]  INFO -- : [7ded31ec-aa61-4682-8a02-f9173225a628] Processing by Devise::RegistrationsController#new as HTML
I, [2017-02-12T03:47:56.359384 #28485]  INFO -- : [7ded31ec-aa61-4682-8a02-f9173225a628]   Rendering users/registrations/new.html.erb within layouts/application
I, [2017-02-12T03:47:56.360456 #28485]  INFO -- : [7ded31ec-aa61-4682-8a02-f9173225a628]   Rendered users/registrations/new.html.erb within layouts/application (0.8ms)
I, [2017-02-12T03:47:56.362429 #28485]  INFO -- : [7ded31ec-aa61-4682-8a02-f9173225a628] Completed 200 OK in 10ms (Views: 4.2ms | ActiveRecord: 0.0ms)
